yunshengyan@yan-x86-64-001:~/dev/mygo$ 
yunshengyan@yan-x86-64-001:~/dev/mygo$ 
yunshengyan@yan-x86-64-001:~/dev/mygo$ 
yunshengyan@yan-x86-64-001:~/dev/mygo$ cd projects/
yunshengyan@yan-x86-64-001:~/dev/mygo/projects$ cd cobra-toolbox/
yunshengyan@yan-x86-64-001:~/dev/mygo/projects/cobra-toolbox$ ls
cmd  go.mod  go.sum  LICENSE  main.go  README.md
yunshengyan@yan-x86-64-001:~/dev/mygo/projects/cobra-toolbox$ cobra-cli add ping
ping created at /home/yunshengyan/dev/mygo/projects/cobra-toolbox
yunshengyan@yan-x86-64-001:~/dev/mygo/projects/cobra-toolbox$ go run main.go 
A longer description that spans multiple lines and likely contains
examples and usage of using your application. For example:

Cobra is a CLI library for Go that empowers applications.
This application is a tool to generate the needed files
to quickly create a Cobra application.

Usage:
  projects [command]

Available Commands:
  completion  Generate the autocompletion script for the specified shell
  help        Help about any command
  ping        A brief description of your command

Flags:
  -h, --help     help for projects
  -t, --toggle   Help message for toggle

Use "projects [command] --help" for more information about a command.
yunshengyan@yan-x86-64-001:~/dev/mygo/projects/cobra-toolbox$ cobra-cli add net
net created at /home/yunshengyan/dev/mygo/projects/cobra-toolbox
yunshengyan@yan-x86-64-001:~/dev/mygo/projects/cobra-toolbox$ go run main.go
cmd/root.go:9:5: found packages net (net.go) and cmd (ping.go) in /home/yunshengyan/dev/mygo/projects/cobra-toolbox/cmd/net
yunshengyan@yan-x86-64-001:~/dev/mygo/projects/cobra-toolbox$ go run main.go
cmd/root.go:9:5: found packages net (net.go) and cmd (ping.go) in /home/yunshengyan/dev/mygo/projects/cobra-toolbox/cmd/net
yunshengyan@yan-x86-64-001:~/dev/mygo/projects/cobra-toolbox$ go run main.go
# cobra-toolbox/cmd/net
cmd/net/net.go:8:2: "fmt" imported and not used
cmd/net/net.go:24:2: undefined: rootCmd
cmd/net/net.go:24:21: undefined: netCmd
cmd/net/ping.go:29:2: undefined: rootCmd
yunshengyan@yan-x86-64-001:~/dev/mygo/projects/cobra-toolbox$ go run main.go
# cobra-toolbox/cmd/net
cmd/net/ping.go:29:2: undefined: rootCmd
cmd/net/net.go:8:2: "fmt" imported and not used
yunshengyan@yan-x86-64-001:~/dev/mygo/projects/cobra-toolbox$ go run main.go net
# cobra-toolbox/cmd/net
cmd/net/ping.go:29:2: undefined: rootCmd
cmd/net/net.go:8:2: "fmt" imported and not used
yunshengyan@yan-x86-64-001:~/dev/mygo/projects/cobra-toolbox$ go run main.go net
# cobra-toolbox/cmd/net
cmd/net/ping.go:29:2: undefined: rootCmd
cmd/net/net.go:8:2: "fmt" imported and not used
yunshengyan@yan-x86-64-001:~/dev/mygo/projects/cobra-toolbox$ go run main.go
# cobra-toolbox/cmd/net
cmd/net/ping.go:29:2: undefined: rootCmd
cmd/net/net.go:8:2: "fmt" imported and not used
yunshengyan@yan-x86-64-001:~/dev/mygo/projects/cobra-toolbox$ go run main.go
# cobra-toolbox/cmd/net
cmd/net/net.go:8:2: "fmt" imported and not used
yunshengyan@yan-x86-64-001:~/dev/mygo/projects/cobra-toolbox$ go run main.go
A longer description that spans multiple lines and likely contains
examples and usage of using your application. For example:

Cobra is a CLI library for Go that empowers applications.
This application is a tool to generate the needed files
to quickly create a Cobra application.

Usage:
  projects [command]

Available Commands:
  completion  Generate the autocompletion script for the specified shell
  help        Help about any command
  net         Net is a palette that contains network based commands

Flags:
  -h, --help     help for projects
  -t, --toggle   Help message for toggle

Use "projects [command] --help" for more information about a command.
yunshengyan@yan-x86-64-001:~/dev/mygo/projects/cobra-toolbox$ go run main.go net
Net is a palette that contains network based commands

Usage:
  projects net [flags]
  projects net [command]

Available Commands:
  ping        A brief description of your command

Flags:
  -h, --help   help for net

Use "projects net [command] --help" for more information about a command.
yunshengyan@yan-x86-64-001:~/dev/mygo/projects/cobra-toolbox$ go build .
yunshengyan@yan-x86-64-001:~/dev/mygo/projects/cobra-toolbox$ ./toolbox net -h
bash: ./toolbox: No such file or directory
yunshengyan@yan-x86-64-001:~/dev/mygo/projects/cobra-toolbox$ ./cobra-toolbox net -h
Net is a palette that contains network based commands

Usage:
  projects net [flags]
  projects net [command]

Available Commands:
  ping        A brief description of your command

Flags:
  -h, --help   help for net

Use "projects net [command] --help" for more information about a command.
yunshengyan@yan-x86-64-001:~/dev/mygo/projects/cobra-toolbox$ ./cobra-toolbox net ping -h
A longer description that spans multiple lines and likely contains examples
and usage of using your command. For example:

Cobra is a CLI library for Go that empowers applications.
This application is a tool to generate the needed files
to quickly create a Cobra application.

Usage:
  projects net ping [flags]

Flags:
  -h, --help   help for ping
yunshengyan@yan-x86-64-001:~/dev/mygo/projects/cobra-toolbox$ ./cobra-toolbox net ping -h
A longer description that spans multiple lines and likely contains examples
and usage of using your command. For example:

Cobra is a CLI library for Go that empowers applications.
This application is a tool to generate the needed files
to quickly create a Cobra application.

Usage:
  projects net ping [flags]

Flags:
  -h, --help   help for ping
yunshengyan@yan-x86-64-001:~/dev/mygo/projects/cobra-toolbox$ go build .
yunshengyan@yan-x86-64-001:~/dev/mygo/projects/cobra-toolbox$ ./cobra-toolbox net ping -h
A longer description that spans multiple lines and likely contains examples
and usage of using your command. For example:

Cobra is a CLI library for Go that empowers applications.
This application is a tool to generate the needed files
to quickly create a Cobra application.

Usage:
  toolbox net ping [flags]

Flags:
  -h, --help   help for ping
yunshengyan@yan-x86-64-001:~/dev/mygo/projects/cobra-toolbox$ go run main.go net ping -h
A longer description that spans multiple lines and likely contains examples
and usage of using your command. For example:

Cobra is a CLI library for Go that empowers applications.
This application is a tool to generate the needed files
to quickly create a Cobra application.

Usage:
  toolbox net ping [flags]

Flags:
  -h, --help         help for ping
  -u, --url string   The url to ping
yunshengyan@yan-x86-64-001:~/dev/mygo/projects/cobra-toolbox$ go run main.go net ping --url
# cobra-toolbox/cmd/net
cmd/net/ping.go:16:9: syntax error: unexpected :=, expected =
yunshengyan@yan-x86-64-001:~/dev/mygo/projects/cobra-toolbox$ go run main.go net ping --url
Error: flag needs an argument: --url
Usage:
  toolbox net ping [flags]

Flags:
  -h, --help         help for ping
  -u, --url string   The url to ping

exit status 1
yunshengyan@yan-x86-64-001:~/dev/mygo/projects/cobra-toolbox$ go run main.go net ping --url google.com
200
yunshengyan@yan-x86-64-001:~/dev/mygo/projects/cobra-toolbox$ go run main.go net ping --url googleser.com
Head "http://googleser.com": dial tcp: lookup googleser.com: no such host
yunshengyan@yan-x86-64-001:~/dev/mygo/projects/cobra-toolbox$ cobra-cli add info
info created at /home/yunshengyan/dev/mygo/projects/cobra-toolbox
yunshengyan@yan-x86-64-001:~/dev/mygo/projects/cobra-toolbox$ cobra-cli add disk-usage
diskUsage created at /home/yunshengyan/dev/mygo/projects/cobra-toolbox
yunshengyan@yan-x86-64-001:~/dev/mygo/projects/cobra-toolbox$ go get -u "github.com/ricochet2200/go-disk-usage/du"
go: downloading github.com/ricochet2200/go-disk-usage/du v0.0.0-20210707232629-ac9918953285
go: downloading github.com/ricochet2200/go-disk-usage v1.1.2
go: added github.com/ricochet2200/go-disk-usage/du v0.0.0-20210707232629-ac9918953285
yunshengyan@yan-x86-64-001:~/dev/mygo/projects/cobra-toolbox$ go run main.go disk
# cobra-toolbox/cmd/info
cmd/info/diskUsage.go:8:2: "fmt" imported and not used
cmd/info/diskUsage.go:19:21: undefined: du.New
yunshengyan@yan-x86-64-001:~/dev/mygo/projects/cobra-toolbox$ go run main.go diskUsage
# cobra-toolbox/cmd/info
cmd/info/diskUsage.go:8:2: "fmt" imported and not used
cmd/info/diskUsage.go:19:21: undefined: du.New
yunshengyan@yan-x86-64-001:~/dev/mygo/projects/cobra-toolbox$ go run main.go info diskUsage
# cobra-toolbox/cmd/info
cmd/info/diskUsage.go:8:2: "fmt" imported and not used
cmd/info/diskUsage.go:19:21: undefined: du.New
yunshengyan@yan-x86-64-001:~/dev/mygo/projects/cobra-toolbox$ go run main.go info diskUsage
# cobra-toolbox/cmd/info
cmd/info/diskUsage.go:20:3: undefined: fmt
yunshengyan@yan-x86-64-001:~/dev/mygo/projects/cobra-toolbox$ go run main.go info diskUsage
&{0xc000164180}